// Jest Snapshot v1, https://goo.gl/fbAQLP

exports[`<ProfilePage /> component renders correct should be render correctly 1`] = `
<Provider
  store={
    Object {
      "dispatch": [Function],
      "getState": [Function],
      "replaceReducer": [Function],
      "subscribe": [Function],
      Symbol(observable): [Function],
    }
  }
>
  <BrowserRouter>
    <Router
      history={
        Object {
          "action": "POP",
          "block": [Function],
          "createHref": [Function],
          "go": [Function],
          "goBack": [Function],
          "goForward": [Function],
          "length": 1,
          "listen": [Function],
          "location": Object {
            "hash": "",
            "pathname": "/",
            "search": "",
            "state": undefined,
          },
          "push": [Function],
          "replace": [Function],
        }
      }
    >
      <ProfilePage
        profile={
          Object {
            "user": Object {
              "created_at": "2021-01-16T20:20:20.983Z",
              "email": "mila@gmail.com",
              "handle": "mila_a",
              "id": 1,
              "updated_at": "2021-01-16T20:20:20.983Z",
            },
          }
        }
      >
        <div
          className="profile-page"
        >
          <div
            className="main-content"
          >
            <div
              className="container"
            >
              <div
                className="row"
              >
                <div
                  className="col-4 p-3"
                >
                  <Connect(Profile)
                    user={
                      Object {
                        "user": Object {
                          "created_at": "2021-01-16T20:20:20.983Z",
                          "email": "mila@gmail.com",
                          "handle": "mila_a",
                          "id": 1,
                          "updated_at": "2021-01-16T20:20:20.983Z",
                        },
                      }
                    }
                  >
                    <Profile
                      onChangeUpdateStatus={[Function]}
                      onDeleteProfile={[Function]}
                      profileForAdmin={null}
                      user={
                        Object {
                          "user": Object {
                            "created_at": "2021-01-16T20:20:20.983Z",
                            "email": "mila@gmail.com",
                            "handle": "mila_a",
                            "id": 1,
                            "updated_at": "2021-01-16T20:20:20.983Z",
                          },
                        }
                      }
                    >
                      <div
                        className="profile-card-4 text-center"
                      >
                        <div
                          className="profile-content"
                        >
                          <div
                            className="profile-name"
                          >
                            <p />
                          </div>
                          <div
                            className="profile-description"
                          >
                            Created at: 
                            <strong />
                          </div>
                          <div
                            className="row"
                          >
                            <div
                              className="col"
                            >
                              <div
                                className="profile-overview"
                              >
                                <p>
                                  TWEETS
                                </p>
                                <h4>
                                  1300
                                </h4>
                              </div>
                            </div>
                            <div
                              className="col"
                            >
                              <div
                                className="profile-overview"
                              >
                                <p>
                                  FOLLOWERS
                                </p>
                                <h4>
                                  250
                                </h4>
                              </div>
                            </div>
                            <div
                              className="col"
                            >
                              <div
                                className="profile-overview"
                              >
                                <p>
                                  FOLLOWING
                                </p>
                                <h4>
                                  168
                                </h4>
                              </div>
                            </div>
                          </div>
                        </div>
                      </div>
                    </Profile>
                  </Connect(Profile)>
                </div>
                <div
                  className="col p-3"
                >
                  <Connect(UpdateFeed)>
                    <UpdateFeed
                      currentUser={null}
                      fetchUserFeed={[Function]}
                      userFeed={Object {}}
                    >
                      <div>
                        <h3
                          className="profile-name"
                        >
                          Feed
                        </h3>
                      </div>
                    </UpdateFeed>
                  </Connect(UpdateFeed)>
                </div>
                <div
                  className="col p-3"
                >
                  <Connect(SubmitNewTweet)>
                    <SubmitNewTweet
                      currentUser={null}
                      handleNewTweet={[Function]}
                    >
                      <form
                        action=""
                        method=""
                      >
                        <div
                          className="card profile-card-4"
                          style={
                            Object {
                              "width": "18rem",
                            }
                          }
                        >
                          <div
                            className="card-header"
                          >
                            Post New Tweet
                          </div>
                          <TweetInput
                            className="form-control mb-4 profile-content"
                            handleChange={[Function]}
                            id="newTweet"
                            name="newTweet"
                            placeholder="What's on your mind?"
                            required={true}
                          >
                            <textarea
                              className="form-control mb-4 profile-content"
                              id="newTweet"
                              maxLength="140"
                              name="newTweet"
                              onKeyUp={[Function]}
                              placeholder="What's on your mind?"
                              required={true}
                            />
                          </TweetInput>
                          <div
                            className="card-footer"
                          >
                            <div
                              className="text-left mt-1"
                              id="counter"
                            >
                              0
                               / 140 
                            </div>
                            <button
                              onClick={[Function]}
                              type="submit"
                            >
                              Send Tweet
                            </button>
                          </div>
                        </div>
                      </form>
                    </SubmitNewTweet>
                  </Connect(SubmitNewTweet)>
                </div>
              </div>
            </div>
          </div>
        </div>
      </ProfilePage>
    </Router>
  </BrowserRouter>
</Provider>
`;
